00:00 +0: loading /Users/thales/Documents/GitHub/jflutter/test/tablet_layout_test.dart                                                                                                                 00:01 +0: loading /Users/thales/Documents/GitHub/jflutter/test/tablet_layout_test.dart                                                                                                                 00:01 +0: Tablet Layout Tests GrammarPage uses TabletLayoutContainer on tablet width                                                                                                                   00:02 +0: Tablet Layout Tests GrammarPage uses TabletLayoutContainer on tablet width                                                                                                                   00:02 +0: Tablet Layout Tests GrammarPage uses TabletLayoutContainer on tablet width                                                                                                                   
══╡ EXCEPTION CAUGHT BY WIDGETS LIBRARY ╞═══════════════════════════════════════════════════════════
The following StateError was thrown building Container(clipBehavior: Clip.antiAlias, bg:
BoxDecoration(color: Color(alpha: 1.0000, red: 0.9961, green: 0.9686, blue: 1.0000, colorSpace:
ColorSpace.sRGB), border: Border.all(BorderSide(color: Color(alpha: 1.0000, red: 0.7922, green:
0.7686, blue: 0.8157, colorSpace: ColorSpace.sRGB))), borderRadius: BorderRadius.circular(12.0)),
margin: EdgeInsets.all(16.0), dependencies: [Directionality]):
Bad state: GetIt: Object/factory with type GrammarProvider is not registered inside GetIt.
(Did you accidentally do GetIt sl=GetIt.instance(); instead of GetIt sl=GetIt.instance;
Did you forget to register it?)

The relevant error-causing widget was:
  Container
  Container:file:///Users/thales/Documents/GitHub/jflutter/lib/presentation/widgets/tablet_layout_container.dart:25:18

When the exception was thrown, this was the stack:
#1      ProviderContainer.read (package:riverpod/src/framework/container.dart:241:21)
#2      ConsumerStatefulElement.read (package:flutter_riverpod/src/consumer.dart:620:59)
#3      _GrammarEditorState.initState (package:jflutter/presentation/widgets/grammar_editor.dart:43:23)
#4      StatefulElement._firstBuild (package:flutter/src/widgets/framework.dart:5953:55)
#5      ComponentElement.mount (package:flutter/src/widgets/framework.dart:5796:5)
...     Normal element mounting (25 frames)
#30     Element.inflateWidget (package:flutter/src/widgets/framework.dart:4590:20)
#31     MultiChildRenderObjectElement.inflateWidget (package:flutter/src/widgets/framework.dart:7269:36)
#32     MultiChildRenderObjectElement.mount (package:flutter/src/widgets/framework.dart:7285:32)
...     Normal element mounting (31 frames)
#63     Element.inflateWidget (package:flutter/src/widgets/framework.dart:4590:20)
#64     MultiChildRenderObjectElement.inflateWidget (package:flutter/src/widgets/framework.dart:7269:36)
#65     MultiChildRenderObjectElement.mount (package:flutter/src/widgets/framework.dart:7285:32)
...     Normal element mounting (372 frames)
#437    Element.inflateWidget (package:flutter/src/widgets/framework.dart:4590:20)
#438    MultiChildRenderObjectElement.inflateWidget (package:flutter/src/widgets/framework.dart:7269:36)
#439    MultiChildRenderObjectElement.mount (package:flutter/src/widgets/framework.dart:7285:32)
...     Normal element mounting (471 frames)
#910    _UncontrolledProviderScopeElement.mount (package:flutter_riverpod/src/framework.dart:315:11)
...     Normal element mounting (9 frames)
#919    Element.inflateWidget (package:flutter/src/widgets/framework.dart:4590:20)
#920    Element.updateChild (package:flutter/src/widgets/framework.dart:4053:20)
#921    ComponentElement.performRebuild (package:flutter/src/widgets/framework.dart:5844:16)
#922    Element.rebuild (package:flutter/src/widgets/framework.dart:5532:7)
#923    ProxyElement.update (package:flutter/src/widgets/framework.dart:6152:5)
#924    _InheritedNotifierElement.update (package:flutter/src/widgets/inherited_notifier.dart:108:11)
#925    Element.updateChild (package:flutter/src/widgets/framework.dart:4037:15)
#926    ComponentElement.performRebuild (package:flutter/src/widgets/framework.dart:5844:16)
#927    StatefulElement.performRebuild (package:flutter/src/widgets/framework.dart:5985:11)
#928    Element.rebuild (package:flutter/src/widgets/framework.dart:5532:7)
#929    StatefulElement.update (package:flutter/src/widgets/framework.dart:6010:5)
#930    Element.updateChild (package:flutter/src/widgets/framework.dart:4037:15)
#931    ComponentElement.performRebuild (package:flutter/src/widgets/framework.dart:5844:16)
#932    Element.rebuild (package:flutter/src/widgets/framework.dart:5532:7)
#933    ProxyElement.update (package:flutter/src/widgets/framework.dart:6152:5)
#934    _InheritedNotifierElement.update (package:flutter/src/widgets/inherited_notifier.dart:108:11)
#935    Element.updateChild (package:flutter/src/widgets/framework.dart:4037:15)
#936    ComponentElement.performRebuild (package:flutter/src/widgets/framework.dart:5844:16)
#937    StatefulElement.performRebuild (package:flutter/src/widgets/framework.dart:5985:11)
#938    Element.rebuild (package:flutter/src/widgets/framework.dart:5532:7)
#939    StatefulElement.update (package:flutter/src/widgets/framework.dart:6010:5)
#940    Element.updateChild (package:flutter/src/widgets/framework.dart:4037:15)
#941    ComponentElement.performRebuild (package:flutter/src/widgets/framework.dart:5844:16)
#942    StatefulElement.performRebuild (package:flutter/src/widgets/framework.dart:5985:11)
#943    Element.rebuild (package:flutter/src/widgets/framework.dart:5532:7)
#944    StatefulElement.update (package:flutter/src/widgets/framework.dart:6010:5)
#945    Element.updateChild (package:flutter/src/widgets/framework.dart:4037:15)
#946    ComponentElement.performRebuild (package:flutter/src/widgets/framework.dart:5844:16)
#947    Element.rebuild (package:flutter/src/widgets/framework.dart:5532:7)
#948    ProxyElement.update (package:flutter/src/widgets/framework.dart:6152:5)
#949    Element.updateChild (package:flutter/src/widgets/framework.dart:4037:15)
#950    ComponentElement.performRebuild (package:flutter/src/widgets/framework.dart:5844:16)
#951    StatefulElement.performRebuild (package:flutter/src/widgets/framework.dart:5985:11)
#952    Element.rebuild (package:flutter/src/widgets/framework.dart:5532:7)
#953    StatefulElement.update (package:flutter/src/widgets/framework.dart:6010:5)
#954    Element.updateChild (package:flutter/src/widgets/framework.dart:4037:15)
#955    ComponentElement.performRebuild (package:flutter/src/widgets/framework.dart:5844:16)
#956    Element.rebuild (package:flutter/src/widgets/framework.dart:5532:7)
#957    ProxyElement.update (package:flutter/src/widgets/framework.dart:6152:5)
#958    Element.updateChild (package:flutter/src/widgets/framework.dart:4037:15)
#959    ComponentElement.performRebuild (package:flutter/src/widgets/framework.dart:5844:16)
#960    Element.rebuild (package:flutter/src/widgets/framework.dart:5532:7)
#961    ProxyElement.update (package:flutter/src/widgets/framework.dart:6152:5)
#962    Element.updateChild (package:flutter/src/widgets/framework.dart:4037:15)
#963    _RawViewElement._updateChild (package:flutter/src/widgets/view.dart:481:16)
#964    _RawViewElement.update (package:flutter/src/widgets/view.dart:568:5)
#965    Element.updateChild (package:flutter/src/widgets/framework.dart:4037:15)
#966    ComponentElement.performRebuild (package:flutter/src/widgets/framework.dart:5844:16)
#967    Element.rebuild (package:flutter/src/widgets/framework.dart:5532:7)
#968    StatelessElement.update (package:flutter/src/widgets/framework.dart:5898:5)
#969    Element.updateChild (package:flutter/src/widgets/framework.dart:4037:15)
#970    ComponentElement.performRebuild (package:flutter/src/widgets/framework.dart:5844:16)
#971    StatefulElement.performRebuild (package:flutter/src/widgets/framework.dart:5985:11)
#972    Element.rebuild (package:flutter/src/widgets/framework.dart:5532:7)
#973    StatefulElement.update (package:flutter/src/widgets/framework.dart:6010:5)
#974    Element.updateChild (package:flutter/src/widgets/framework.dart:4037:15)
#975    RootElement._rebuild (package:flutter/src/widgets/binding.dart:1782:16)
#976    RootElement.update (package:flutter/src/widgets/binding.dart:1760:5)
#977    RootElement.performRebuild (package:flutter/src/widgets/binding.dart:1774:7)
#978    Element.rebuild (package:flutter/src/widgets/framework.dart:5532:7)
#979    BuildScope._tryRebuild (package:flutter/src/widgets/framework.dart:2750:15)
#980    BuildScope._flushDirtyElements (package:flutter/src/widgets/framework.dart:2807:11)
#981    BuildOwner.buildScope (package:flutter/src/widgets/framework.dart:3111:18)
#982    AutomatedTestWidgetsFlutterBinding.drawFrame (package:flutter_test/src/binding.dart:1506:19)
#983    RendererBinding._handlePersistentFrameCallback (package:flutter/src/rendering/binding.dart:495:5)
#984    SchedulerBinding._invokeFrameCallback (package:flutter/src/scheduler/binding.dart:1434:15)
#985    SchedulerBinding.handleDrawFrame (package:flutter/src/scheduler/binding.dart:1347:9)
#986    AutomatedTestWidgetsFlutterBinding.pump.<anonymous closure> (package:flutter_test/src/binding.dart:1335:9)
#989    TestAsyncUtils.guard (package:flutter_test/src/test_async_utils.dart:74:41)
#990    AutomatedTestWidgetsFlutterBinding.pump (package:flutter_test/src/binding.dart:1324:27)
#991    WidgetTester.pumpWidget.<anonymous closure> (package:flutter_test/src/widget_tester.dart:598:22)
#994    TestAsyncUtils.guard (package:flutter_test/src/test_async_utils.dart:74:41)
#995    WidgetTester.pumpWidget (package:flutter_test/src/widget_tester.dart:595:27)
#996    main.<anonymous closure>.<anonymous closure> (file:///Users/thales/Documents/GitHub/jflutter/test/tablet_layout_test.dart:37:20)
#997    testWidgets.<anonymous closure>.<anonymous closure> (package:flutter_test/src/widget_tester.dart:192:29)
#998    TestWidgetsFlutterBinding._runTestBody (package:flutter_test/src/binding.dart:1059:5)
#1000   throwIfNot (package:get_it/get_it_impl.dart:14:19)
#1001   _GetItImplementation._findRegistrationByNameAndType (package:get_it/get_it_impl.dart:583:5)
#1002   _GetItImplementation._get (package:get_it/get_it_impl.dart:641:11)
#1003   _GetItImplementation.get (package:get_it/get_it_impl.dart:608:12)
#1004   _GetItImplementation.call (package:get_it/get_it_impl.dart:720:12)
#1005   grammarProvider.<anonymous closure> (package:jflutter/presentation/providers/grammar_provider.dart:382:15)
#1006   ProviderContainer.read (package:riverpod/src/framework/container.dart:241:21)
#1007   ConsumerStatefulElement.read (package:flutter_riverpod/src/consumer.dart:620:59)
#1008   _GrammarEditorState.initState (package:jflutter/presentation/widgets/grammar_editor.dart:43:23)
#1009   StatefulElement._firstBuild (package:flutter/src/widgets/framework.dart:5953:55)
#1010   ComponentElement.mount (package:flutter/src/widgets/framework.dart:5796:5)
...     Normal element mounting (25 frames)
#1035   Element.inflateWidget (package:flutter/src/widgets/framework.dart:4590:20)
#1036   MultiChildRenderObjectElement.inflateWidget (package:flutter/src/widgets/framework.dart:7269:36)
#1037   MultiChildRenderObjectElement.mount (package:flutter/src/widgets/framework.dart:7285:32)
...     Normal element mounting (31 frames)
#1068   Element.inflateWidget (package:flutter/src/widgets/framework.dart:4590:20)
#1069   MultiChildRenderObjectElement.inflateWidget (package:flutter/src/widgets/framework.dart:7269:36)
#1070   MultiChildRenderObjectElement.mount (package:flutter/src/widgets/framework.dart:7285:32)
...     Normal element mounting (372 frames)
#1442   Element.inflateWidget (package:flutter/src/widgets/framework.dart:4590:20)
#1443   MultiChildRenderObjectElement.inflateWidget (package:flutter/src/widgets/framework.dart:7269:36)
#1444   MultiChildRenderObjectElement.mount (package:flutter/src/widgets/framework.dart:7285:32)
...     Normal element mounting (471 frames)
#1915   _UncontrolledProviderScopeElement.mount (package:flutter_riverpod/src/framework.dart:315:11)
...     Normal element mounting (9 frames)
#1924   Element.inflateWidget (package:flutter/src/widgets/framework.dart:4590:20)
#1925   Element.updateChild (package:flutter/src/widgets/framework.dart:4053:20)
#1926   ComponentElement.performRebuild (package:flutter/src/widgets/framework.dart:5844:16)
#1927   Element.rebuild (package:flutter/src/widgets/framework.dart:5532:7)
#1928   ProxyElement.update (package:flutter/src/widgets/framework.dart:6152:5)
#1929   _InheritedNotifierElement.update (package:flutter/src/widgets/inherited_notifier.dart:108:11)
#1930   Element.updateChild (package:flutter/src/widgets/framework.dart:4037:15)
#1931   ComponentElement.performRebuild (package:flutter/src/widgets/framework.dart:5844:16)
#1932   StatefulElement.performRebuild (package:flutter/src/widgets/framework.dart:5985:11)
#1933   Element.rebuild (package:flutter/src/widgets/framework.dart:5532:7)
#1934   StatefulElement.update (package:flutter/src/widgets/framework.dart:6010:5)
#1935   Element.updateChild (package:flutter/src/widgets/framework.dart:4037:15)
#1936   ComponentElement.performRebuild (package:flutter/src/widgets/framework.dart:5844:16)
#1937   Element.rebuild (package:flutter/src/widgets/framework.dart:5532:7)
#1938   ProxyElement.update (package:flutter/src/widgets/framework.dart:6152:5)
#1939   _InheritedNotifierElement.update (package:flutter/src/widgets/inherited_notifier.dart:108:11)
#1940   Element.updateChild (package:flutter/src/widgets/framework.dart:4037:15)
#1941   ComponentElement.performRebuild (package:flutter/src/widgets/framework.dart:5844:16)
#1942   StatefulElement.performRebuild (package:flutter/src/widgets/framework.dart:5985:11)
#1943   Element.rebuild (package:flutter/src/widgets/framework.dart:5532:7)
#1944   StatefulElement.update (package:flutter/src/widgets/framework.dart:6010:5)
#1945   Element.updateChild (package:flutter/src/widgets/framework.dart:4037:15)
#1946   ComponentElement.performRebuild (package:flutter/src/widgets/framework.dart:5844:16)
#1947   StatefulElement.performRebuild (package:flutter/src/widgets/framework.dart:5985:11)
#1948   Element.rebuild (package:flutter/src/widgets/framework.dart:5532:7)
#1949   StatefulElement.update (package:flutter/src/widgets/framework.dart:6010:5)
#1950   Element.updateChild (package:flutter/src/widgets/framework.dart:4037:15)
#1951   ComponentElement.performRebuild (package:flutter/src/widgets/framework.dart:5844:16)
#1952   Element.rebuild (package:flutter/src/widgets/framework.dart:5532:7)
#1953   ProxyElement.update (package:flutter/src/widgets/framework.dart:6152:5)
#1954   Element.updateChild (package:flutter/src/widgets/framework.dart:4037:15)
#1955   ComponentElement.performRebuild (package:flutter/src/widgets/framework.dart:5844:16)
#1956   StatefulElement.performRebuild (package:flutter/src/widgets/framework.dart:5985:11)
#1957   Element.rebuild (package:flutter/src/widgets/framework.dart:5532:7)
#1958   StatefulElement.update (package:flutter/src/widgets/framework.dart:6010:5)
#1959   Element.updateChild (package:flutter/src/widgets/framework.dart:4037:15)
#1960   ComponentElement.performRebuild (package:flutter/src/widgets/framework.dart:5844:16)
#1961   Element.rebuild (package:flutter/src/widgets/framework.dart:5532:7)
#1962   ProxyElement.update (package:flutter/src/widgets/framework.dart:6152:5)
#1963   Element.updateChild (package:flutter/src/widgets/framework.dart:4037:15)
#1964   ComponentElement.performRebuild (package:flutter/src/widgets/framework.dart:5844:16)
#1965   Element.rebuild (package:flutter/src/widgets/framework.dart:5532:7)
#1966   ProxyElement.update (package:flutter/src/widgets/framework.dart:6152:5)
#1967   Element.updateChild (package:flutter/src/widgets/framework.dart:4037:15)
#1968   _RawViewElement._updateChild (package:flutter/src/widgets/view.dart:481:16)
#1969   _RawViewElement.update (package:flutter/src/widgets/view.dart:568:5)
#1970   Element.updateChild (package:flutter/src/widgets/framework.dart:4037:15)
#1971   ComponentElement.performRebuild (package:flutter/src/widgets/framework.dart:5844:16)
#1972   Element.rebuild (package:flutter/src/widgets/framework.dart:5532:7)
#1973   StatelessElement.update (package:flutter/src/widgets/framework.dart:5898:5)
#1974   Element.updateChild (package:flutter/src/widgets/framework.dart:4037:15)
#1975   ComponentElement.performRebuild (package:flutter/src/widgets/framework.dart:5844:16)
#1976   StatefulElement.performRebuild (package:flutter/src/widgets/framework.dart:5985:11)
#1977   Element.rebuild (package:flutter/src/widgets/framework.dart:5532:7)
#1978   StatefulElement.update (package:flutter/src/widgets/framework.dart:6010:5)
#1979   Element.updateChild (package:flutter/src/widgets/framework.dart:4037:15)
#1980   RootElement._rebuild (package:flutter/src/widgets/binding.dart:1782:16)
#1981   RootElement.update (package:flutter/src/widgets/binding.dart:1760:5)
#1982   RootElement.performRebuild (package:flutter/src/widgets/binding.dart:1774:7)
#1983   Element.rebuild (package:flutter/src/widgets/framework.dart:5532:7)
#1984   BuildScope._tryRebuild (package:flutter/src/widgets/framework.dart:2750:15)
#1985   BuildScope._flushDirtyElements (package:flutter/src/widgets/framework.dart:2807:11)
#1986   BuildOwner.buildScope (package:flutter/src/widgets/framework.dart:3111:18)
#1987   AutomatedTestWidgetsFlutterBinding.drawFrame (package:flutter_test/src/binding.dart:1506:19)
#1988   RendererBinding._handlePersistentFrameCallback (package:flutter/src/rendering/binding.dart:495:5)
#1989   SchedulerBinding._invokeFrameCallback (package:flutter/src/scheduler/binding.dart:1434:15)
#1990   SchedulerBinding.handleDrawFrame (package:flutter/src/scheduler/binding.dart:1347:9)
#1991   AutomatedTestWidgetsFlutterBinding.pump.<anonymous closure> (package:flutter_test/src/binding.dart:1335:9)
#1994   TestAsyncUtils.guard (package:flutter_test/src/test_async_utils.dart:74:41)
#1995   AutomatedTestWidgetsFlutterBinding.pump (package:flutter_test/src/binding.dart:1324:27)
#1996   WidgetTester.pumpWidget.<anonymous closure> (package:flutter_test/src/widget_tester.dart:598:22)
#1999   TestAsyncUtils.guard (package:flutter_test/src/test_async_utils.dart:74:41)
#2000   WidgetTester.pumpWidget (package:flutter_test/src/widget_tester.dart:595:27)
#2001   main.<anonymous closure>.<anonymous closure> (file:///Users/thales/Documents/GitHub/jflutter/test/tablet_layout_test.dart:37:20)
#2002   testWidgets.<anonymous closure>.<anonymous closure> (package:flutter_test/src/widget_tester.dart:192:29)
#2004   testWidgets.<anonymous closure>.<anonymous closure> (package:flutter_test/src/widget_tester.dart:189:25)
#2005   TestWidgetsFlutterBinding._runTestBody (package:flutter_test/src/binding.dart:1059:19)
#2007   TestWidgetsFlutterBinding._runTestBody (package:flutter_test/src/binding.dart:1048:5)
#2010   TestWidgetsFlutterBinding._runTest (package:flutter_test/src/binding.dart:1033:10)
#2011   AutomatedTestWidgetsFlutterBinding.runTest.<anonymous closure> (package:flutter_test/src/binding.dart:1564:24)
#2012   FakeAsync.run.<anonymous closure>.<anonymous closure> (package:fake_async/fake_async.dart:182:47)
#2017   withClock (package:clock/src/default.dart:52:10)
#2018   FakeAsync.run.<anonymous closure> (package:fake_async/fake_async.dart:182:15)
#2023   FakeAsync.run (package:fake_async/fake_async.dart:181:52)
#2024   AutomatedTestWidgetsFlutterBinding.runTest (package:flutter_test/src/binding.dart:1561:15)
#2025   testWidgets.<anonymous closure> (package:flutter_test/src/widget_tester.dart:184:24)
#2026   Declarer.test.<anonymous closure>.<anonymous closure> (package:test_api/src/backend/declarer.dart:242:19)
#2028   Declarer.test.<anonymous closure>.<anonymous closure> (package:test_api/src/backend/declarer.dart:241:9)
#2033   Declarer.test.<anonymous closure> (package:test_api/src/backend/declarer.dart:240:13)
#2034   Invoker._waitForOutstandingCallbacks.<anonymous closure> (package:test_api/src/backend/invoker.dart:282:17)
#2039   Invoker._waitForOutstandingCallbacks (package:test_api/src/backend/invoker.dart:278:5)
#2040   Invoker._onRun.<anonymous closure>.<anonymous closure>.<anonymous closure> (package:test_api/src/backend/invoker.dart:418:17)
#2042   Invoker._onRun.<anonymous closure>.<anonymous closure>.<anonymous closure> (package:test_api/src/backend/invoker.dart:416:11)
#2047   Invoker._onRun.<anonymous closure>.<anonymous closure> (package:test_api/src/backend/invoker.dart:407:9)
#2048   Invoker._guardIfGuarded (package:test_api/src/backend/invoker.dart:450:15)
#2049   Invoker._onRun.<anonymous closure> (package:test_api/src/backend/invoker.dart:406:7)
#2056   Invoker._onRun (package:test_api/src/backend/invoker.dart:405:11)
#2057   LiveTestController.run (package:test_api/src/backend/live_test_controller.dart:153:11)
#2058   RemoteListener._runLiveTest.<anonymous closure> (package:test_api/src/backend/remote_listener.dart:275:16)
#2063   RemoteListener._runLiveTest (package:test_api/src/backend/remote_listener.dart:274:5)
#2064   RemoteListener._serializeTest.<anonymous closure> (package:test_api/src/backend/remote_listener.dart:221:7)
#2082   _GuaranteeSink.add (package:stream_channel/src/guarantee_channel.dart:125:12)
#2083   new _MultiChannel.<anonymous closure> (package:stream_channel/src/multi_channel.dart:159:31)
#2085   CastStreamSubscription._onData (dart:_internal/async_cast.dart:95:11)
#2111   new _WebSocketImpl._fromSocket.<anonymous closure> (dart:_http/websocket_impl.dart:1252:27)
#2117   _WebSocketProtocolTransformer._messageFrameEnd (dart:_http/websocket_impl.dart:348:23)
#2118   _WebSocketProtocolTransformer.add (dart:_http/websocket_impl.dart:238:46)
#2126   _Socket._onData (dart:io-patch/socket_patch.dart:2880:41)
#2133   new _RawSocket.<anonymous closure> (dart:io-patch/socket_patch.dart:2315:31)
#2134   _NativeSocket.issueReadEvent.issue (dart:io-patch/socket_patch.dart:1655:14)
(elided 108 frames from dart:async and package:stack_trace)

════════════════════════════════════════════════════════════════════════════════════════════════════
══╡ EXCEPTION CAUGHT BY WIDGETS LIBRARY ╞═══════════════════════════════════════════════════════════
The following StateError was thrown building GrammarAlgorithmPanel(dirty, dependencies:
[InheritedCupertinoTheme, UncontrolledProviderScope, _InheritedTheme,
_LocalizationsScope-[GlobalKey#ab254]], state: _GrammarAlgorithmPanelState#2d028):
Bad state: GetIt: Object/factory with type GrammarProvider is not registered inside GetIt.
(Did you accidentally do GetIt sl=GetIt.instance(); instead of GetIt sl=GetIt.instance;
Did you forget to register it?)

The relevant error-causing widget was:
  GrammarAlgorithmPanel
  GrammarAlgorithmPanel:file:///Users/thales/Documents/GitHub/jflutter/lib/presentation/pages/grammar_page.dart:199:29

When the exception was thrown, this was the stack:
#1      _ProviderStateSubscription.read (package:riverpod/src/framework/provider_base.dart:181:28)
#2      ConsumerStatefulElement.watch (package:flutter_riverpod/src/consumer.dart:568:8)
#3      _GrammarAlgorithmPanelState._buildAlgorithmButtons (package:jflutter/presentation/widgets/grammar_algorithm_panel.dart:75:30)
#4      _GrammarAlgorithmPanelState.build (package:jflutter/presentation/widgets/grammar_algorithm_panel.dart:50:13)
#5      StatefulElement.build (package:flutter/src/widgets/framework.dart:5934:27)
#6      ConsumerStatefulElement.build (package:flutter_riverpod/src/consumer.dart:539:20)
#7      ComponentElement.performRebuild (package:flutter/src/widgets/framework.dart:5820:15)
#8      StatefulElement.performRebuild (package:flutter/src/widgets/framework.dart:5985:11)
#9      Element.rebuild (package:flutter/src/widgets/framework.dart:5532:7)
#10     ComponentElement._firstBuild (package:flutter/src/widgets/framework.dart:5802:5)
#11     StatefulElement._firstBuild (package:flutter/src/widgets/framework.dart:5976:11)
#12     ComponentElement.mount (package:flutter/src/widgets/framework.dart:5796:5)
...     Normal element mounting (148 frames)
#160    Element.inflateWidget (package:flutter/src/widgets/framework.dart:4590:20)
#161    Element.updateChild (package:flutter/src/widgets/framework.dart:4059:18)
#162    SliverMultiBoxAdaptorElement.updateChild (package:flutter/src/widgets/sliver.dart:1068:37)
#163    SliverMultiBoxAdaptorElement.createChild.<anonymous closure> (package:flutter/src/widgets/sliver.dart:1052:20)
#164    BuildOwner.buildScope (package:flutter/src/widgets/framework.dart:3101:19)
#165    SliverMultiBoxAdaptorElement.createChild (package:flutter/src/widgets/sliver.dart:1042:12)
#166    RenderSliverMultiBoxAdaptor._createOrObtainChild.<anonymous closure> (package:flutter/src/rendering/sliver_multi_box_adaptor.dart:372:23)
#167    RenderObject.invokeLayoutCallback.<anonymous closure> (package:flutter/src/rendering/object.dart:2894:17)
#168    PipelineOwner._enableMutationsToDirtySubtrees (package:flutter/src/rendering/object.dart:1219:15)
#169    RenderObject.invokeLayoutCallback (package:flutter/src/rendering/object.dart:2893:14)
#170    RenderSliverMultiBoxAdaptor._createOrObtainChild (package:flutter/src/rendering/sliver_multi_box_adaptor.dart:360:5)
#171    RenderSliverMultiBoxAdaptor.addInitialChild (package:flutter/src/rendering/sliver_multi_box_adaptor.dart:460:5)
#172    RenderSliverFixedExtentBoxAdaptor.performLayout (package:flutter/src/rendering/sliver_fixed_extent_list.dart:319:12)
#173    RenderObject.layout (package:flutter/src/rendering/object.dart:2775:7)
#174    RenderSliverEdgeInsetsPadding.performLayout (package:flutter/src/rendering/sliver_padding.dart:133:12)
#175    _RenderSliverFractionalPadding.performLayout (package:flutter/src/widgets/sliver_fill.dart:162:11)
#176    RenderObject.layout (package:flutter/src/rendering/object.dart:2775:7)
#177    RenderViewportBase.layoutChildSequence (package:flutter/src/rendering/viewport.dart:673:13)
#178    RenderViewport._attemptLayout (package:flutter/src/rendering/viewport.dart:1684:12)
#179    RenderViewport.performLayout (package:flutter/src/rendering/viewport.dart:1575:20)
#180    RenderObject.layout (package:flutter/src/rendering/object.dart:2775:7)
#181    RenderProxyBoxMixin.performLayout (package:flutter/src/rendering/proxy_box.dart:115:18)
#182    RenderObject.layout (package:flutter/src/rendering/object.dart:2775:7)
#183    RenderProxyBoxMixin.performLayout (package:flutter/src/rendering/proxy_box.dart:115:18)
#184    RenderObject.layout (package:flutter/src/rendering/object.dart:2775:7)
#185    RenderProxyBoxMixin.performLayout (package:flutter/src/rendering/proxy_box.dart:115:18)
#186    RenderObject.layout (package:flutter/src/rendering/object.dart:2775:7)
#187    RenderProxyBoxMixin.performLayout (package:flutter/src/rendering/proxy_box.dart:115:18)
#188    RenderObject.layout (package:flutter/src/rendering/object.dart:2775:7)
#189    RenderProxyBoxMixin.performLayout (package:flutter/src/rendering/proxy_box.dart:115:18)
#190    RenderObject.layout (package:flutter/src/rendering/object.dart:2775:7)
#191    RenderProxyBoxMixin.performLayout (package:flutter/src/rendering/proxy_box.dart:115:18)
#192    RenderObject.layout (package:flutter/src/rendering/object.dart:2775:7)
#193    RenderProxyBoxMixin.performLayout (package:flutter/src/rendering/proxy_box.dart:115:18)
#194    RenderObject.layout (package:flutter/src/rendering/object.dart:2775:7)
#195    RenderProxyBoxMixin.performLayout (package:flutter/src/rendering/proxy_box.dart:115:18)
#196    _RenderCustomClip.performLayout (package:flutter/src/rendering/proxy_box.dart:1481:11)
#197    RenderObject.layout (package:flutter/src/rendering/object.dart:2775:7)
#198    ChildLayoutHelper.layoutChild (package:flutter/src/rendering/layout_helper.dart:62:11)
#199    RenderFlex._computeSizes (package:flutter/src/rendering/flex.dart:1203:26)
#200    RenderFlex.performLayout (package:flutter/src/rendering/flex.dart:1257:32)
#201    RenderObject.layout (package:flutter/src/rendering/object.dart:2775:7)
#202    RenderPadding.performLayout (package:flutter/src/rendering/shifted_box.dart:243:12)
#203    RenderObject.layout (package:flutter/src/rendering/object.dart:2775:7)
#204    RenderProxyBoxMixin.performLayout (package:flutter/src/rendering/proxy_box.dart:115:18)
#205    _RenderCustomClip.performLayout (package:flutter/src/rendering/proxy_box.dart:1481:11)
#206    RenderObject.layout (package:flutter/src/rendering/object.dart:2775:7)
#207    RenderProxyBoxMixin.performLayout (package:flutter/src/rendering/proxy_box.dart:115:18)
#208    RenderObject.layout (package:flutter/src/rendering/object.dart:2775:7)
#209    RenderPadding.performLayout (package:flutter/src/rendering/shifted_box.dart:243:12)
#210    RenderObject.layout (package:flutter/src/rendering/object.dart:2775:7)
#211    ChildLayoutHelper.layoutChild (package:flutter/src/rendering/layout_helper.dart:62:11)
#212    RenderFlex._computeSizes (package:flutter/src/rendering/flex.dart:1203:26)
#213    RenderFlex.performLayout (package:flutter/src/rendering/flex.dart:1257:32)
#214    RenderObject.layout (package:flutter/src/rendering/object.dart:2775:7)
#215    MultiChildLayoutDelegate.layoutChild (package:flutter/src/rendering/custom_layout.dart:180:12)
#216    _ScaffoldLayout.performLayout (package:flutter/src/material/scaffold.dart:1112:7)
#217    MultiChildLayoutDelegate._callPerformLayout (package:flutter/src/rendering/custom_layout.dart:249:7)
#218    RenderCustomMultiChildLayoutBox.performLayout (package:flutter/src/rendering/custom_layout.dart:420:14)
#219    RenderObject.layout (package:flutter/src/rendering/object.dart:2775:7)
#220    RenderProxyBoxMixin.performLayout (package:flutter/src/rendering/proxy_box.dart:115:18)
#221    RenderObject.layout (package:flutter/src/rendering/object.dart:2775:7)
#222    RenderProxyBoxMixin.performLayout (package:flutter/src/rendering/proxy_box.dart:115:18)
#223    _RenderCustomClip.performLayout (package:flutter/src/rendering/proxy_box.dart:1481:11)
#224    RenderObject.layout (package:flutter/src/rendering/object.dart:2775:7)
#225    RenderProxyBoxMixin.performLayout (package:flutter/src/rendering/proxy_box.dart:115:18)
#226    RenderObject.layout (package:flutter/src/rendering/object.dart:2775:7)
#227    RenderProxyBoxMixin.performLayout (package:flutter/src/rendering/proxy_box.dart:115:18)
#228    RenderObject.layout (package:flutter/src/rendering/object.dart:2775:7)
#229    RenderProxyBoxMixin.performLayout (package:flutter/src/rendering/proxy_box.dart:115:18)
#230    RenderObject.layout (package:flutter/src/rendering/object.dart:2775:7)
#231    RenderProxyBoxMixin.performLayout (package:flutter/src/rendering/proxy_box.dart:115:18)
#232    RenderObject.layout (package:flutter/src/rendering/object.dart:2775:7)
#233    RenderProxyBoxMixin.performLayout (package:flutter/src/rendering/proxy_box.dart:115:18)
#234    RenderObject.layout (package:flutter/src/rendering/object.dart:2775:7)
#235    RenderProxyBoxMixin.performLayout (package:flutter/src/rendering/proxy_box.dart:115:18)
#236    RenderObject.layout (package:flutter/src/rendering/object.dart:2775:7)
#237    RenderProxyBoxMixin.performLayout (package:flutter/src/rendering/proxy_box.dart:115:18)
#238    RenderObject.layout (package:flutter/src/rendering/object.dart:2775:7)
#239    RenderProxyBoxMixin.performLayout (package:flutter/src/rendering/proxy_box.dart:115:18)
#240    RenderObject.layout (package:flutter/src/rendering/object.dart:2775:7)
#241    RenderProxyBoxMixin.performLayout (package:flutter/src/rendering/proxy_box.dart:115:18)
#242    RenderObject.layout (package:flutter/src/rendering/object.dart:2775:7)
#243    RenderProxyBoxMixin.performLayout (package:flutter/src/rendering/proxy_box.dart:115:18)
#244    RenderObject.layout (package:flutter/src/rendering/object.dart:2775:7)
#245    RenderProxyBoxMixin.performLayout (package:flutter/src/rendering/proxy_box.dart:115:18)
#246    RenderObject.layout (package:flutter/src/rendering/object.dart:2775:7)
#247    RenderProxyBoxMixin.performLayout (package:flutter/src/rendering/proxy_box.dart:115:18)
#248    RenderObject.layout (package:flutter/src/rendering/object.dart:2775:7)
#249    RenderProxyBoxMixin.performLayout (package:flutter/src/rendering/proxy_box.dart:115:18)
#250    RenderObject.layout (package:flutter/src/rendering/object.dart:2775:7)
#251    RenderProxyBoxMixin.performLayout (package:flutter/src/rendering/proxy_box.dart:115:18)
#252    RenderObject.layout (package:flutter/src/rendering/object.dart:2775:7)
#253    RenderProxyBoxMixin.performLayout (package:flutter/src/rendering/proxy_box.dart:115:18)
#254    RenderObject.layout (package:flutter/src/rendering/object.dart:2775:7)
#255    RenderProxyBoxMixin.performLayout (package:flutter/src/rendering/proxy_box.dart:115:18)
#256    RenderOffstage.performLayout (package:flutter/src/rendering/proxy_box.dart:3848:13)
#257    RenderObject.layout (package:flutter/src/rendering/object.dart:2775:7)
#258    RenderProxyBoxMixin.performLayout (package:flutter/src/rendering/proxy_box.dart:115:18)
#259    RenderObject.layout (package:flutter/src/rendering/object.dart:2775:7)
#260    _RenderTheaterMixin.layoutChild (package:flutter/src/widgets/overlay.dart:1084:13)
#261    _RenderTheater.performLayout (package:flutter/src/widgets/overlay.dart:1429:9)
#262    RenderObject.layout (package:flutter/src/rendering/object.dart:2775:7)
#263    RenderProxyBoxMixin.performLayout (package:flutter/src/rendering/proxy_box.dart:115:18)
#264    RenderObject.layout (package:flutter/src/rendering/object.dart:2775:7)
#265    RenderProxyBoxMixin.performLayout (package:flutter/src/rendering/proxy_box.dart:115:18)
#266    RenderObject.layout (package:flutter/src/rendering/object.dart:2775:7)
#267    RenderProxyBoxMixin.performLayout (package:flutter/src/rendering/proxy_box.dart:115:18)
#268    RenderObject.layout (package:flutter/src/rendering/object.dart:2775:7)
#269    RenderProxyBoxMixin.performLayout (package:flutter/src/rendering/proxy_box.dart:115:18)
#270    RenderCustomPaint.performLayout (package:flutter/src/rendering/custom_paint.dart:574:11)
#271    RenderObject.layout (package:flutter/src/rendering/object.dart:2775:7)
#272    RenderProxyBoxMixin.performLayout (package:flutter/src/rendering/proxy_box.dart:115:18)
#273    RenderObject.layout (package:flutter/src/rendering/object.dart:2775:7)
#274    RenderProxyBoxMixin.performLayout (package:flutter/src/rendering/proxy_box.dart:115:18)
#275    RenderObject.layout (package:flutter/src/rendering/object.dart:2775:7)
#276    RenderProxyBoxMixin.performLayout (package:flutter/src/rendering/proxy_box.dart:115:18)
#277    RenderObject.layout (package:flutter/src/rendering/object.dart:2775:7)
#278    RenderProxyBoxMixin.performLayout (package:flutter/src/rendering/proxy_box.dart:115:18)
#279    RenderObject.layout (package:flutter/src/rendering/object.dart:2775:7)
#280    RenderProxyBoxMixin.performLayout (package:flutter/src/rendering/proxy_box.dart:115:18)
#281    RenderObject.layout (package:flutter/src/rendering/object.dart:2775:7)
#282    RenderProxyBoxMixin.performLayout (package:flutter/src/rendering/proxy_box.dart:115:18)
#283    RenderObject.layout (package:flutter/src/rendering/object.dart:2775:7)
#284    RenderView.performLayout (package:flutter/src/rendering/view.dart:294:12)
#285    RenderObject._layoutWithoutResize (package:flutter/src/rendering/object.dart:2623:7)
#286    PipelineOwner.flushLayout (package:flutter/src/rendering/object.dart:1170:18)
#287    PipelineOwner.flushLayout (package:flutter/src/rendering/object.dart:1183:15)
#288    AutomatedTestWidgetsFlutterBinding.drawFrame (package:flutter_test/src/binding.dart:1508:27)
#289    RendererBinding._handlePersistentFrameCallback (package:flutter/src/rendering/binding.dart:495:5)
#290    SchedulerBinding._invokeFrameCallback (package:flutter/src/scheduler/binding.dart:1434:15)
#291    SchedulerBinding.handleDrawFrame (package:flutter/src/scheduler/binding.dart:1347:9)
#292    AutomatedTestWidgetsFlutterBinding.pump.<anonymous closure> (package:flutter_test/src/binding.dart:1335:9)
#295    TestAsyncUtils.guard (package:flutter_test/src/test_async_utils.dart:74:41)
#296    AutomatedTestWidgetsFlutterBinding.pump (package:flutter_test/src/binding.dart:1324:27)
#297    WidgetTester.pumpWidget.<anonymous closure> (package:flutter_test/src/widget_tester.dart:598:22)
#300    TestAsyncUtils.guard (package:flutter_test/src/test_async_utils.dart:74:41)
#301    WidgetTester.pumpWidget (package:flutter_test/src/widget_tester.dart:595:27)
#302    main.<anonymous closure>.<anonymous closure> (file:///Users/thales/Documents/GitHub/jflutter/test/tablet_layout_test.dart:37:20)
#303    testWidgets.<anonymous closure>.<anonymous closure> (package:flutter_test/src/widget_tester.dart:192:29)
#304    TestWidgetsFlutterBinding._runTestBody (package:flutter_test/src/binding.dart:1059:5)
#306    throwIfNot (package:get_it/get_it_impl.dart:14:19)
#307    _GetItImplementation._findRegistrationByNameAndType (package:get_it/get_it_impl.dart:583:5)
#308    _GetItImplementation._get (package:get_it/get_it_impl.dart:641:11)
#309    _GetItImplementation.get (package:get_it/get_it_impl.dart:608:12)
#310    _GetItImplementation.call (package:get_it/get_it_impl.dart:720:12)
#311    grammarProvider.<anonymous closure> (package:jflutter/presentation/providers/grammar_provider.dart:382:15)
#312    ProviderContainer.read (package:riverpod/src/framework/container.dart:241:21)
#313    ConsumerStatefulElement.read (package:flutter_riverpod/src/consumer.dart:620:59)
#314    _GrammarEditorState.initState (package:jflutter/presentation/widgets/grammar_editor.dart:43:23)
#315    StatefulElement._firstBuild (package:flutter/src/widgets/framework.dart:5953:55)
#316    ComponentElement.mount (package:flutter/src/widgets/framework.dart:5796:5)
...     Normal element mounting (25 frames)
#341    Element.inflateWidget (package:flutter/src/widgets/framework.dart:4590:20)
#342    MultiChildRenderObjectElement.inflateWidget (package:flutter/src/widgets/framework.dart:7269:36)
#343    MultiChildRenderObjectElement.mount (package:flutter/src/widgets/framework.dart:7285:32)
...     Normal element mounting (31 frames)
#374    Element.inflateWidget (package:flutter/src/widgets/framework.dart:4590:20)
#375    MultiChildRenderObjectElement.inflateWidget (package:flutter/src/widgets/framework.dart:7269:36)
#376    MultiChildRenderObjectElement.mount (package:flutter/src/widgets/framework.dart:7285:32)
...     Normal element mounting (372 frames)
#748    Element.inflateWidget (package:flutter/src/widgets/framework.dart:4590:20)
#749    MultiChildRenderObjectElement.inflateWidget (package:flutter/src/widgets/framework.dart:7269:36)
#750    MultiChildRenderObjectElement.mount (package:flutter/src/widgets/framework.dart:7285:32)
...     Normal element mounting (471 frames)
#1221   _UncontrolledProviderScopeElement.mount (package:flutter_riverpod/src/framework.dart:315:11)
...     Normal element mounting (9 frames)
#1230   Element.inflateWidget (package:flutter/src/widgets/framework.dart:4590:20)
#1231   Element.updateChild (package:flutter/src/widgets/framework.dart:4053:20)
#1232   ComponentElement.performRebuild (package:flutter/src/widgets/framework.dart:5844:16)
#1233   Element.rebuild (package:flutter/src/widgets/framework.dart:5532:7)
#1234   ProxyElement.update (package:flutter/src/widgets/framework.dart:6152:5)
#1235   _InheritedNotifierElement.update (package:flutter/src/widgets/inherited_notifier.dart:108:11)
#1236   Element.updateChild (package:flutter/src/widgets/framework.dart:4037:15)
#1237   ComponentElement.performRebuild (package:flutter/src/widgets/framework.dart:5844:16)
#1238   StatefulElement.performRebuild (package:flutter/src/widgets/framework.dart:5985:11)
#1239   Element.rebuild (package:flutter/src/widgets/framework.dart:5532:7)
#1240   StatefulElement.update (package:flutter/src/widgets/framework.dart:6010:5)
#1241   Element.updateChild (package:flutter/src/widgets/framework.dart:4037:15)
#1242   ComponentElement.performRebuild (package:flutter/src/widgets/framework.dart:5844:16)
#1243   Element.rebuild (package:flutter/src/widgets/framework.dart:5532:7)
#1244   ProxyElement.update (package:flutter/src/widgets/framework.dart:6152:5)
#1245   _InheritedNotifierElement.update (package:flutter/src/widgets/inherited_notifier.dart:108:11)
#1246   Element.updateChild (package:flutter/src/widgets/framework.dart:4037:15)
#1247   ComponentElement.performRebuild (package:flutter/src/widgets/framework.dart:5844:16)
#1248   StatefulElement.performRebuild (package:flutter/src/widgets/framework.dart:5985:11)
#1249   Element.rebuild (package:flutter/src/widgets/framework.dart:5532:7)
#1250   StatefulElement.update (package:flutter/src/widgets/framework.dart:6010:5)
#1251   Element.updateChild (package:flutter/src/widgets/framework.dart:4037:15)
#1252   ComponentElement.performRebuild (package:flutter/src/widgets/framework.dart:5844:16)
#1253   StatefulElement.performRebuild (package:flutter/src/widgets/framework.dart:5985:11)
#1254   Element.rebuild (package:flutter/src/widgets/framework.dart:5532:7)
#1255   StatefulElement.update (package:flutter/src/widgets/framework.dart:6010:5)
#1256   Element.updateChild (package:flutter/src/widgets/framework.dart:4037:15)
#1257   ComponentElement.performRebuild (package:flutter/src/widgets/framework.dart:5844:16)
#1258   Element.rebuild (package:flutter/src/widgets/framework.dart:5532:7)
#1259   ProxyElement.update (package:flutter/src/widgets/framework.dart:6152:5)
#1260   Element.updateChild (package:flutter/src/widgets/framework.dart:4037:15)
#1261   ComponentElement.performRebuild (package:flutter/src/widgets/framework.dart:5844:16)
#1262   StatefulElement.performRebuild (package:flutter/src/widgets/framework.dart:5985:11)
#1263   Element.rebuild (package:flutter/src/widgets/framework.dart:5532:7)
#1264   StatefulElement.update (package:flutter/src/widgets/framework.dart:6010:5)
#1265   Element.updateChild (package:flutter/src/widgets/framework.dart:4037:15)
#1266   ComponentElement.performRebuild (package:flutter/src/widgets/framework.dart:5844:16)
#1267   Element.rebuild (package:flutter/src/widgets/framework.dart:5532:7)
#1268   ProxyElement.update (package:flutter/src/widgets/framework.dart:6152:5)
#1269   Element.updateChild (package:flutter/src/widgets/framework.dart:4037:15)
#1270   ComponentElement.performRebuild (package:flutter/src/widgets/framework.dart:5844:16)
#1271   Element.rebuild (package:flutter/src/widgets/framework.dart:5532:7)
#1272   ProxyElement.update (package:flutter/src/widgets/framework.dart:6152:5)
#1273   Element.updateChild (package:flutter/src/widgets/framework.dart:4037:15)
#1274   _RawViewElement._updateChild (package:flutter/src/widgets/view.dart:481:16)
#1275   _RawViewElement.update (package:flutter/src/widgets/view.dart:568:5)
#1276   Element.updateChild (package:flutter/src/widgets/framework.dart:4037:15)
#1277   ComponentElement.performRebuild (package:flutter/src/widgets/framework.dart:5844:16)
#1278   Element.rebuild (package:flutter/src/widgets/framework.dart:5532:7)
#1279   StatelessElement.update (package:flutter/src/widgets/framework.dart:5898:5)
#1280   Element.updateChild (package:flutter/src/widgets/framework.dart:4037:15)
#1281   ComponentElement.performRebuild (package:flutter/src/widgets/framework.dart:5844:16)
#1282   StatefulElement.performRebuild (package:flutter/src/widgets/framework.dart:5985:11)
#1283   Element.rebuild (package:flutter/src/widgets/framework.dart:5532:7)
#1284   StatefulElement.update (package:flutter/src/widgets/framework.dart:6010:5)
#1285   Element.updateChild (package:flutter/src/widgets/framework.dart:4037:15)
#1286   RootElement._rebuild (package:flutter/src/widgets/binding.dart:1782:16)
#1287   RootElement.update (package:flutter/src/widgets/binding.dart:1760:5)
#1288   RootElement.performRebuild (package:flutter/src/widgets/binding.dart:1774:7)
#1289   Element.rebuild (package:flutter/src/widgets/framework.dart:5532:7)
#1290   BuildScope._tryRebuild (package:flutter/src/widgets/framework.dart:2750:15)
#1291   BuildScope._flushDirtyElements (package:flutter/src/widgets/framework.dart:2807:11)
#1292   BuildOwner.buildScope (package:flutter/src/widgets/framework.dart:3111:18)
#1293   AutomatedTestWidgetsFlutterBinding.drawFrame (package:flutter_test/src/binding.dart:1506:19)
#1294   RendererBinding._handlePersistentFrameCallback (package:flutter/src/rendering/binding.dart:495:5)
#1295   SchedulerBinding._invokeFrameCallback (package:flutter/src/scheduler/binding.dart:1434:15)
#1296   SchedulerBinding.handleDrawFrame (package:flutter/src/scheduler/binding.dart:1347:9)
#1297   AutomatedTestWidgetsFlutterBinding.pump.<anonymous closure> (package:flutter_test/src/binding.dart:1335:9)
#1300   TestAsyncUtils.guard (package:flutter_test/src/test_async_utils.dart:74:41)
#1301   AutomatedTestWidgetsFlutterBinding.pump (package:flutter_test/src/binding.dart:1324:27)
#1302   WidgetTester.pumpWidget.<anonymous closure> (package:flutter_test/src/widget_tester.dart:598:22)
#1305   TestAsyncUtils.guard (package:flutter_test/src/test_async_utils.dart:74:41)
#1306   WidgetTester.pumpWidget (package:flutter_test/src/widget_tester.dart:595:27)
#1307   main.<anonymous closure>.<anonymous closure> (file:///Users/thales/Documents/GitHub/jflutter/test/tablet_layout_test.dart:37:20)
#1308   testWidgets.<anonymous closure>.<anonymous closure> (package:flutter_test/src/widget_tester.dart:192:29)
#1310   testWidgets.<anonymous closure>.<anonymous closure> (package:flutter_test/src/widget_tester.dart:189:25)
#1311   TestWidgetsFlutterBinding._runTestBody (package:flutter_test/src/binding.dart:1059:19)
#1313   TestWidgetsFlutterBinding._runTestBody (package:flutter_test/src/binding.dart:1048:5)
#1316   TestWidgetsFlutterBinding._runTest (package:flutter_test/src/binding.dart:1033:10)
#1317   AutomatedTestWidgetsFlutterBinding.runTest.<anonymous closure> (package:flutter_test/src/binding.dart:1564:24)
#1318   FakeAsync.run.<anonymous closure>.<anonymous closure> (package:fake_async/fake_async.dart:182:47)
#1323   withClock (package:clock/src/default.dart:52:10)
#1324   FakeAsync.run.<anonymous closure> (package:fake_async/fake_async.dart:182:15)
#1329   FakeAsync.run (package:fake_async/fake_async.dart:181:52)
#1330   AutomatedTestWidgetsFlutterBinding.runTest (package:flutter_test/src/binding.dart:1561:15)
#1331   testWidgets.<anonymous closure> (package:flutter_test/src/widget_tester.dart:184:24)
#1332   Declarer.test.<anonymous closure>.<anonymous closure> (package:test_api/src/backend/declarer.dart:242:19)
#1334   Declarer.test.<anonymous closure>.<anonymous closure> (package:test_api/src/backend/declarer.dart:241:9)
#1339   Declarer.test.<anonymous closure> (package:test_api/src/backend/declarer.dart:240:13)
#1340   Invoker._waitForOutstandingCallbacks.<anonymous closure> (package:test_api/src/backend/invoker.dart:282:17)
#1345   Invoker._waitForOutstandingCallbacks (package:test_api/src/backend/invoker.dart:278:5)
#1346   Invoker._onRun.<anonymous closure>.<anonymous closure>.<anonymous closure> (package:test_api/src/backend/invoker.dart:418:17)
#1348   Invoker._onRun.<anonymous closure>.<anonymous closure>.<anonymous closure> (package:test_api/src/backend/invoker.dart:416:11)
#1353   Invoker._onRun.<anonymous closure>.<anonymous closure> (package:test_api/src/backend/invoker.dart:407:9)
#1354   Invoker._guardIfGuarded (package:test_api/src/backend/invoker.dart:450:15)
#1355   Invoker._onRun.<anonymous closure> (package:test_api/src/backend/invoker.dart:406:7)
#1362   Invoker._onRun (package:test_api/src/backend/invoker.dart:405:11)
#1363   LiveTestController.run (package:test_api/src/backend/live_test_controller.dart:153:11)
#1364   RemoteListener._runLiveTest.<anonymous closure> (package:test_api/src/backend/remote_listener.dart:275:16)
#1369   RemoteListener._runLiveTest (package:test_api/src/backend/remote_listener.dart:274:5)
#1370   RemoteListener._serializeTest.<anonymous closure> (package:test_api/src/backend/remote_listener.dart:221:7)
#1388   _GuaranteeSink.add (package:stream_channel/src/guarantee_channel.dart:125:12)
#1389   new _MultiChannel.<anonymous closure> (package:stream_channel/src/multi_channel.dart:159:31)
#1391   CastStreamSubscription._onData (dart:_internal/async_cast.dart:95:11)
#1417   new _WebSocketImpl._fromSocket.<anonymous closure> (dart:_http/websocket_impl.dart:1252:27)
#1423   _WebSocketProtocolTransformer._messageFrameEnd (dart:_http/websocket_impl.dart:348:23)
#1424   _WebSocketProtocolTransformer.add (dart:_http/websocket_impl.dart:238:46)
#1432   _Socket._onData (dart:io-patch/socket_patch.dart:2880:41)
#1439   new _RawSocket.<anonymous closure> (dart:io-patch/socket_patch.dart:2315:31)
#1440   _NativeSocket.issueReadEvent.issue (dart:io-patch/socket_patch.dart:1655:14)
(elided 108 frames from dart:async and package:stack_trace)

════════════════════════════════════════════════════════════════════════════════════════════════════
══╡ EXCEPTION CAUGHT BY FLUTTER TEST FRAMEWORK ╞════════════════════════════════════════════════════
The following message was thrown:
Multiple exceptions (2) were detected during the running of the current test, and at least one was
unexpected.
════════════════════════════════════════════════════════════════════════════════════════════════════
00:02 +0 -1: Tablet Layout Tests GrammarPage uses TabletLayoutContainer on tablet width [E]                                                                                                            
  Test failed. See exception logs above.
  The test description was: GrammarPage uses TabletLayoutContainer on tablet width
  

To run this test again: /opt/homebrew/share/flutter/bin/cache/dart-sdk/bin/dart test /Users/thales/Documents/GitHub/jflutter/test/tablet_layout_test.dart -p vm --plain-name 'Tablet Layout Tests GrammarPage uses TabletLayoutContainer on tablet width'
00:02 +0 -1: Some tests failed.                                                                                                                                                                        
